[INFO] Project root: C:\Users\OLUWATOSIN OLUWASEUN\Downloads\customer-360-revenue-growth-analytics
[OK] PBIP: C:\Users\OLUWATOSIN OLUWASEUN\Downloads\customer-360-revenue-growth-analytics\powerbi\Customer_360_Revenue_Growth_Dashboard.pbip
[OK] Report: C:\Users\OLUWATOSIN OLUWASEUN\Downloads\customer-360-revenue-growth-analytics\powerbi\Customer_360_Revenue_Growth_Dashboard.Report
[OK] Semantic model: C:\Users\OLUWATOSIN OLUWASEUN\Downloads\customer-360-revenue-growth-analytics\powerbi\Customer_360_Revenue_Growth_Dashboard.SemanticModel
[OK] Power BI JSON valid: 163 files
[OK] Pages detected: 5
[INFO] Page: Executive Overview
[INFO] Page: Customer & Retention
[INFO] Page: Acquisition & Product Performance
[INFO] Page: Forecasting & Experimentation
[INFO] Page: Marketing Performance
[OK] README.md created/updated.
[OK] Portfolio documentation created.
[OK] VS Code tasks and settings created.
[INFO] Waiting for Power BI to load...
[OK] Screenshot captured: 01_executive_overview.png
[OK] Screenshot captured: 02_customer_retention.png
[OK] Screenshot captured: 03_acquisition_product_performance.png
[OK] Screenshot captured: 04_forecasting_experimentation.png
[OK] Screenshot captured: 05_marketing_performance.png
[OK] README dashboard gallery updated.
[OK] git version 2.51.0.windows.1
[OK] Git branch set to main.
[OK] GitHub account: tosinmulero
